bool: true
int: 42
source: string
map:
  k0: v0
  k1: v1
